[0;92mWails CLI[0m [0;31mv2.15.0[0m

[0;92mExecuting: go mod tidy[0m
  [90m[90m•[0m[0m [39m[39mGenerating bindings: [0m[0mDone.
  [90m[90m•[0m[0m [39m[39mInstalling frontend dependencies: [0m[0mDone.
  [90m[90m•[0m[0m [39m[39mCompiling frontend: [0m[0mDone.

> frontend@0.0.0 dev
> vite

Port 5173 is in use, trying another one...

  [32m[1mVITE[22m v8.2.2[39m  [2mready in [0m[1m164[22m[2m[0m ms[22m

[0;92mVite Server URL: http://localhost:5174/[0m
  [32m➜[39m  [1mLocal[22m:   [36mhttp://localhost:[1m5174[22m/[39m
[2m  [32m➜[39m  [1mNetwork[22m[2m: use [22m[1m--host[22m[2m to expose[22m
[0;92mRunning frontend DevWatcher command: 'npm run dev'[0m
Building application for development...
  [90m[90m•[0m[0m [39m[39mGenerating bindings: [0m[0mDone.
  [90m[90m•[0m[0m [39m[39mGenerating application assets: [0m[0mDone.
  [90m[90m•[0m[0m [39m[39mCompiling application: [0m[0mDone.
[30;46m[30;46m INFO [0m[0m [96m[96mWails is now using the new Go WebView2Loader. If you encounter any issues with it, please report them to https://github.com/wailsapp/wails/issues/2004. You could also use the old legacy loader with `-tags native_webview2loader`, but keep in mind this will be deprecated in the near future.[0m[0m

INF | Serving assets from frontend DevServer URL: http://localhost:5174/
[0;92mUsing DevServer URL: http://localhost:34115[0m
[0;92mUsing Frontend DevServer URL: http://localhost:5174/[0m
[0;92mUsing reload debounce setting of 100 milliseconds[0m
ERR | process message error: runtime:ready -> Unknown message from front end: runtime:ready
ERR | Unknown message from front end: runtime:ready
[0;92mWatching (sub)/directory: D:\code\github\wcj-go-text[0m
[0;92m

To develop in the browser and call your bound Go methods from Javascript, navigate to: http://localhost:34115[0m
[0;92mDevelopment mode exited[0m
[31;107m[31;107m ♥  [0m[0m [92m[92mIf Wails is useful to you or your company, please consider sponsoring the project:[0m[0m
https://github.com/sponsors/leaanthony
